optseq2
7.4.1
NoSearch  = 0
tSearch  = 10 hours
nKeep    = 20
PctUpdate  = 10.000000
nCB1Opt  = 500
seed     = 680489
Ntp  = 360
TR   = 0.9
TPreScan   = 0
PSD Window   = 0 14.4 0.9
nEvTypes = 11
EvNo    Label Duration nRepsNom
 1      dur_0  0.900    8
 2      dur_1  0.900    5
 3      dur_2  0.900    5
 4      dur_3  0.900    5
 5      dur_4  0.900    5
 6      dur_5  0.900    5
 7      dur_6  0.900    5
 8      dur_7  0.900    5
 9      dur_8  0.900    5
10      dur_9  0.900    5
11     dur_10  0.900    5
PctVarEvReps = 0
VarEvRepsPerCond = 0
PolyOrder = -1
tNullMax = -1
tNullMin = 3.6
AR1 = 0.3
No refractory penalty
Cost = eff
OutStem = /data1/projects/dumoulinlab/Lab_members/Leila/projects/metime/pilot/optseq2/pilot2-v5/design_11cond_focb_pilot2-v5
Summary File = /data1/projects/dumoulinlab/Lab_members/Leila/projects/metime/pilot/optseq2/pilot2-v5/design_11cond_focb_pilot2-v5.sum

Pct nSrch MinSrch Cost Eff Cb1Err VRFAvg VRFStd VRFMin VRFMax VRFRange nSince

BeginUpdateLog
 0       1     0.0   0.0165362  0.0165362  1.0742  3.00864  0.588574  1.85964  4.84173  2.98209 3353.26 0
 0      21     0.0   0.0173966  0.0173966  1.0853  3.15463  0.592732  2.19905  5.309  3.10994 3358.76 0
 0      21     0.0   0.0173966  0.0173966  1.0853  3.15463  0.592732  2.19905  5.309  3.10994 3358.76 0
 0      22     0.0   0.0173966  0.0173966  1.0853  3.15463  0.592732  2.19905  5.309  3.10994 3358.76 0
 0      22     0.0   0.0173966  0.0173966  1.0853  3.15463  0.592732  2.19905  5.309  3.10994 3358.76 0
 0      23     0.1   0.0173966  0.0173966  1.0853  3.15463  0.592732  2.19905  5.309  3.10994 3358.76 0
 0      23     0.1   0.0173966  0.0173966  1.0853  3.15463  0.592732  2.19905  5.309  3.10994 3358.76 0
 0      24     0.1   0.0173966  0.0173966  1.0853  3.15463  0.592732  2.19905  5.309  3.10994 3358.76 0
 0      24     0.1   0.0173966  0.0173966  1.0853  3.15463  0.592732  2.19905  5.309  3.10994 3358.76 0
 0      25     0.1   0.0173966  0.0173966  1.0853  3.15463  0.592732  2.19905  5.309  3.10994 3358.76 0
 0      25     0.1   0.0173966  0.0173966  1.0853  3.15463  0.592732  2.19905  5.309  3.10994 3358.76 0
 0      26     0.1   0.0173966  0.0173966  1.0853  3.15463  0.592732  2.19905  5.309  3.10994 3358.76 0
 0      26     0.1   0.0173966  0.0173966  1.0853  3.15463  0.592732  2.19905  5.309  3.10994 3358.76 0
 0      27     0.1   0.0173966  0.0173966  1.0853  3.15463  0.592732  2.19905  5.309  3.10994 3358.76 0
 0      27     0.1   0.0173966  0.0173966  1.0853  3.15463  0.592732  2.19905  5.309  3.10994 3358.76 0
 0      29     0.1   0.0173966  0.0173966  1.0853  3.15463  0.592732  2.19905  5.309  3.10994 3358.76 1
 0      29     0.1   0.0173966  0.0173966  1.0853  3.15463  0.592732  2.19905  5.309  3.10994 3358.76 0
 0      30     0.1   0.0173966  0.0173966  1.0853  3.15463  0.592732  2.19905  5.309  3.10994 3358.76 0
 0      30     0.1   0.0173966  0.0173966  1.0853  3.15463  0.592732  2.19905  5.309  3.10994 3358.76 0
 0      31     0.1   0.0173966  0.0173966  1.0853  3.15463  0.592732  2.19905  5.309  3.10994 3358.76 0
 0      31     0.1   0.0173966  0.0173966  1.0853  3.15463  0.592732  2.19905  5.309  3.10994 3358.76 0
 0      32     0.1   0.0173966  0.0173966  1.0853  3.15463  0.592732  2.19905  5.309  3.10994 3358.76 0
 0      32     0.1   0.0173966  0.0173966  1.0853  3.15463  0.592732  2.19905  5.309  3.10994 3358.76 0
 0      33     0.1   0.0173966  0.0173966  1.0853  3.15463  0.592732  2.19905  5.309  3.10994 3358.76 0
 0      33     0.1   0.0173966  0.0173966  1.0853  3.15463  0.592732  2.19905  5.309  3.10994 3358.76 0
 0      35     0.1   0.0173966  0.0173966  1.0853  3.15463  0.592732  2.19905  5.309  3.10994 3358.76 1
 0      35     0.1   0.0173966  0.0173966  1.0853  3.15463  0.592732  2.19905  5.309  3.10994 3358.76 0
 0      37     0.1   0.0173966  0.0173966  1.0853  3.15463  0.592732  2.19905  5.309  3.10994 3358.76 1
 0      37     0.1   0.0173966  0.0173966  1.0853  3.15463  0.592732  2.19905  5.309  3.10994 3358.76 0
 0      40     0.1   0.0173966  0.0173966  1.0853  3.15463  0.592732  2.19905  5.309  3.10994 3358.76 2
 0      40     0.1   0.0173966  0.0173966  1.0853  3.15463  0.592732  2.19905  5.309  3.10994 3358.76 0
 0      44     0.1   0.0173966  0.0173966  1.0853  3.15463  0.592732  2.19905  5.309  3.10994 3358.76 3
 0      44     0.1   0.0173966  0.0173966  1.0853  3.15463  0.592732  2.19905  5.309  3.10994 3358.76 0
 0      47     0.1   0.0173966  0.0173966  1.0853  3.15463  0.592732  2.19905  5.309  3.10994 3358.76 2
 0      47     0.1   0.0173966  0.0173966  1.0853  3.15463  0.592732  2.19905  5.309  3.10994 3358.76 0
 0      51     0.1   0.0173966  0.0173966  1.0853  3.15463  0.592732  2.19905  5.309  3.10994 3358.76 3
 0      51     0.1   0.0173966  0.0173966  1.0853  3.15463  0.592732  2.19905  5.309  3.10994 3358.76 0
 0      53     0.1   0.0173966  0.0173966  1.0853  3.15463  0.592732  2.19905  5.309  3.10994 3358.76 1
 0      53     0.1   0.0173966  0.0173966  1.0853  3.15463  0.592732  2.19905  5.309  3.10994 3358.76 0
 0      55     0.1   0.0173966  0.0173966  1.0853  3.15463  0.592732  2.19905  5.309  3.10994 3358.76 1
 0      55     0.1   0.0173966  0.0173966  1.0853  3.15463  0.592732  2.19905  5.309  3.10994 3358.76 0
 0      57     0.1   0.0173966  0.0173966  1.0853  3.15463  0.592732  2.19905  5.309  3.10994 3358.76 1
 0      57     0.1   0.0173966  0.0173966  1.0853  3.15463  0.592732  2.19905  5.309  3.10994 3358.76 0
 0      59     0.1   0.0173966  0.0173966  1.0853  3.15463  0.592732  2.19905  5.309  3.10994 3358.76 1
 0      59     0.1   0.0173966  0.0173966  1.0853  3.15463  0.592732  2.19905  5.309  3.10994 3358.76 0
 0      61     0.1   0.0173966  0.0173966  1.0853  3.15463  0.592732  2.19905  5.309  3.10994 3358.76 1
 0      61     0.1   0.0173966  0.0173966  1.0853  3.15463  0.592732  2.19905  5.309  3.10994 3358.76 0
 0      72     0.1   0.0173966  0.0173966  1.0853  3.15463  0.592732  2.19905  5.309  3.10994 3358.76 10
 0      72     0.1   0.0173966  0.0173966  1.0853  3.15463  0.592732  2.19905  5.309  3.10994 3358.76 0
 0      73     0.1   0.0173966  0.0173966  1.0853  3.15463  0.592732  2.19905  5.309  3.10994 3358.76 0
 0      73     0.1   0.0173966  0.0173966  1.0853  3.15463  0.592732  2.19905  5.309  3.10994 3358.76 0
 0      88     0.1   0.0173966  0.0173966  1.0853  3.15463  0.592732  2.19905  5.309  3.10994 3358.76 14
 0      88     0.1   0.0173966  0.0173966  1.0853  3.15463  0.592732  2.19905  5.309  3.10994 3358.76 0
 0      96     0.1   0.0173966  0.0173966  1.0853  3.15463  0.592732  2.19905  5.309  3.10994 3358.76 7
 0      96     0.1   0.0177144  0.0177144  1.0802  3.1956  0.557721  2.21643  5.196  2.97957 3352.47 0
 0     107     0.2   0.0177144  0.0177144  1.0802  3.1956  0.557721  2.21643  5.196  2.97957 3352.47 10
 0     107     0.2   0.0177144  0.0177144  1.0802  3.1956  0.557721  2.21643  5.196  2.97957 3352.47 0
 0     110     0.2   0.0177144  0.0177144  1.0802  3.1956  0.557721  2.21643  5.196  2.97957 3352.47 2
 0     110     0.2   0.0177144  0.0177144  1.0802  3.1956  0.557721  2.21643  5.196  2.97957 3352.47 0
 0     114     0.2   0.0177144  0.0177144  1.0802  3.1956  0.557721  2.21643  5.196  2.97957 3352.47 3
 0     114     0.2   0.0177144  0.0177144  1.0802  3.1956  0.557721  2.21643  5.196  2.97957 3352.47 0
 0     127     0.2   0.0177144  0.0177144  1.0802  3.1956  0.557721  2.21643  5.196  2.97957 3352.47 12
 0     127     0.2   0.0177144  0.0177144  1.0802  3.1956  0.557721  2.21643  5.196  2.97957 3352.47 0
 0     131     0.2   0.0177144  0.0177144  1.0802  3.1956  0.557721  2.21643  5.196  2.97957 3352.47 3
 0     131     0.2   0.0177144  0.0177144  1.0802  3.1956  0.557721  2.21643  5.196  2.97957 3352.47 0
 0     132     0.2   0.0177144  0.0177144  1.0802  3.1956  0.557721  2.21643  5.196  2.97957 3352.47 0
 0     132     0.2   0.0177144  0.0177144  1.0802  3.1956  0.557721  2.21643  5.196  2.97957 3352.47 0
 0     137     0.2   0.0177144  0.0177144  1.0802  3.1956  0.557721  2.21643  5.196  2.97957 3352.47 4
 0     137     0.2   0.0177144  0.0177144  1.0802  3.1956  0.557721  2.21643  5.196  2.97957 3352.47 0
 0     152     0.2   0.0177144  0.0177144  1.0802  3.1956  0.557721  2.21643  5.196  2.97957 3352.47 14
 0     152     0.2   0.0177144  0.0177144  1.0802  3.1956  0.557721  2.21643  5.196  2.97957 3352.47 0
 0     176     0.3   0.0177144  0.0177144  1.0802  3.1956  0.557721  2.21643  5.196  2.97957 3352.47 23
 0     176     0.3   0.0177144  0.0177144  1.0802  3.1956  0.557721  2.21643  5.196  2.97957 3352.47 0
 0     179     0.3   0.0177144  0.0177144  1.0802  3.1956  0.557721  2.21643  5.196  2.97957 3352.47 2
 0     179     0.3   0.0177144  0.0177144  1.0802  3.1956  0.557721  2.21643  5.196  2.97957 3352.47 0
 0     190     0.3   0.0177144  0.0177144  1.0802  3.1956  0.557721  2.21643  5.196  2.97957 3352.47 10
 0     190     0.3   0.0177144  0.0177144  1.0802  3.1956  0.557721  2.21643  5.196  2.97957 3352.47 0
 0     207     0.3   0.0177144  0.0177144  1.0802  3.1956  0.557721  2.21643  5.196  2.97957 3352.47 16
 0     207     0.3   0.0177144  0.0177144  1.0802  3.1956  0.557721  2.21643  5.196  2.97957 3352.47 0
 0     214     0.3   0.0177144  0.0177144  1.0802  3.1956  0.557721  2.21643  5.196  2.97957 3352.47 6
 0     214     0.3   0.0177144  0.0177144  1.0802  3.1956  0.557721  2.21643  5.196  2.97957 3352.47 0
 0     219     0.3   0.0177144  0.0177144  1.0802  3.1956  0.557721  2.21643  5.196  2.97957 3352.47 4
 0     219     0.3   0.0177144  0.0177144  1.0802  3.1956  0.557721  2.21643  5.196  2.97957 3352.47 0
 0     227     0.3   0.0177144  0.0177144  1.0802  3.1956  0.557721  2.21643  5.196  2.97957 3352.47 7
 0     227     0.3   0.0177144  0.0177144  1.0802  3.1956  0.557721  2.21643  5.196  2.97957 3352.47 0
 0     236     0.4   0.0177144  0.0177144  1.0802  3.1956  0.557721  2.21643  5.196  2.97957 3352.47 8
 0     236     0.4   0.0177144  0.0177144  1.0802  3.1956  0.557721  2.21643  5.196  2.97957 3352.47 0
 0     274     0.4   0.0177144  0.0177144  1.0802  3.1956  0.557721  2.21643  5.196  2.97957 3352.47 37
 0     274     0.4   0.0177144  0.0177144  1.0802  3.1956  0.557721  2.21643  5.196  2.97957 3352.47 0
 0     293     0.4   0.0177144  0.0177144  1.0802  3.1956  0.557721  2.21643  5.196  2.97957 3352.47 18
 0     293     0.4   0.0177144  0.0177144  1.0802  3.1956  0.557721  2.21643  5.196  2.97957 3352.47 0
 0     315     0.5   0.0177144  0.0177144  1.0802  3.1956  0.557721  2.21643  5.196  2.97957 3352.47 21
 0     315     0.5   0.0177144  0.0177144  1.0802  3.1956  0.557721  2.21643  5.196  2.97957 3352.47 0
 0     333     0.5   0.0177144  0.0177144  1.0802  3.1956  0.557721  2.21643  5.196  2.97957 3352.47 17
 0     333     0.5   0.0177144  0.0177144  1.0802  3.1956  0.557721  2.21643  5.196  2.97957 3352.47 0
 0     337     0.5   0.0177144  0.0177144  1.0802  3.1956  0.557721  2.21643  5.196  2.97957 3352.47 3
 0     337     0.5   0.0177144  0.0177144  1.0802  3.1956  0.557721  2.21643  5.196  2.97957 3352.47 0
 0     379     0.6   0.0177144  0.0177144  1.0802  3.1956  0.557721  2.21643  5.196  2.97957 3352.47 41
 0     379     0.6   0.0177144  0.0177144  1.0802  3.1956  0.557721  2.21643  5.196  2.97957 3352.47 0
 0     409     0.6   0.0177144  0.0177144  1.0802  3.1956  0.557721  2.21643  5.196  2.97957 3352.47 29
 0     409     0.6   0.0177144  0.0177144  1.0802  3.1956  0.557721  2.21643  5.196  2.97957 3352.47 0
 0     454     0.7   0.0177144  0.0177144  1.0802  3.1956  0.557721  2.21643  5.196  2.97957 3352.47 44
 0     454     0.7   0.0177144  0.0177144  1.0802  3.1956  0.557721  2.21643  5.196  2.97957 3352.47 0
 0     463     0.7   0.0177144  0.0177144  1.0802  3.1956  0.557721  2.21643  5.196  2.97957 3352.47 8
 0     463     0.7   0.0177144  0.0177144  1.0802  3.1956  0.557721  2.21643  5.196  2.97957 3352.47 0
 0     477     0.7   0.0177144  0.0177144  1.0802  3.1956  0.557721  2.21643  5.196  2.97957 3352.47 13
 0     477     0.7   0.0177144  0.0177144  1.0802  3.1956  0.557721  2.21643  5.196  2.97957 3352.47 0
 0     513     0.8   0.0177144  0.0177144  1.0802  3.1956  0.557721  2.21643  5.196  2.97957 3352.47 35
 0     513     0.8   0.0177144  0.0177144  1.0802  3.1956  0.557721  2.21643  5.196  2.97957 3352.47 0
 0     558     0.9   0.0177144  0.0177144  1.0802  3.1956  0.557721  2.21643  5.196  2.97957 3352.47 44
 0     558     0.9   0.0177144  0.0177144  1.0802  3.1956  0.557721  2.21643  5.196  2.97957 3352.47 0
 0     585     0.9   0.0177144  0.0177144  1.0802  3.1956  0.557721  2.21643  5.196  2.97957 3352.47 26
 0     585     0.9   0.0177144  0.0177144  1.0802  3.1956  0.557721  2.21643  5.196  2.97957 3352.47 0
 0     680     1.0   0.0177144  0.0177144  1.0802  3.1956  0.557721  2.21643  5.196  2.97957 3352.47 94
 0     680     1.0   0.0177144  0.0177144  1.0802  3.1956  0.557721  2.21643  5.196  2.97957 3352.47 0
 0     709     1.1   0.0177144  0.0177144  1.0802  3.1956  0.557721  2.21643  5.196  2.97957 3352.47 28
 0     709     1.1   0.0177144  0.0177144  1.0802  3.1956  0.557721  2.21643  5.196  2.97957 3352.47 0
 0     712     1.1   0.0177144  0.0177144  1.0802  3.1956  0.557721  2.21643  5.196  2.97957 3352.47 2
 0     712     1.1   0.0177144  0.0177144  1.0802  3.1956  0.557721  2.21643  5.196  2.97957 3352.47 0
 0     714     1.1   0.0177144  0.0177144  1.0802  3.1956  0.557721  2.21643  5.196  2.97957 3352.47 1
 0     714     1.1   0.0177144  0.0177144  1.0802  3.1956  0.557721  2.21643  5.196  2.97957 3352.47 0
 0     727     1.1   0.0177144  0.0177144  1.0802  3.1956  0.557721  2.21643  5.196  2.97957 3352.47 12
 0     727     1.1   0.0177144  0.0177144  1.0802  3.1956  0.557721  2.21643  5.196  2.97957 3352.47 0
 0     788     1.2   0.0177144  0.0177144  1.0802  3.1956  0.557721  2.21643  5.196  2.97957 3352.47 60
 0     788     1.2   0.0177144  0.0177144  1.0802  3.1956  0.557721  2.21643  5.196  2.97957 3352.47 0
 0     796     1.2   0.0177144  0.0177144  1.0802  3.1956  0.557721  2.21643  5.196  2.97957 3352.47 7
 0     796     1.2   0.0177144  0.0177144  1.0802  3.1956  0.557721  2.21643  5.196  2.97957 3352.47 0
 0     803     1.2   0.0177144  0.0177144  1.0802  3.1956  0.557721  2.21643  5.196  2.97957 3352.47 6
 0     803     1.2   0.0177144  0.0177144  1.0802  3.1956  0.557721  2.21643  5.196  2.97957 3352.47 0
 0     819     1.2   0.0177144  0.0177144  1.0802  3.1956  0.557721  2.21643  5.196  2.97957 3352.47 15
 0     819     1.2   0.0177144  0.0177144  1.0802  3.1956  0.557721  2.21643  5.196  2.97957 3352.47 0
 0     882     1.3   0.0177144  0.0177144  1.0802  3.1956  0.557721  2.21643  5.196  2.97957 3352.47 62
 0     882     1.3   0.0177144  0.0177144  1.0802  3.1956  0.557721  2.21643  5.196  2.97957 3352.47 0
 0     969     1.5   0.0177144  0.0177144  1.0802  3.1956  0.557721  2.21643  5.196  2.97957 3352.47 86
 0     969     1.5   0.0177144  0.0177144  1.0802  3.1956  0.557721  2.21643  5.196  2.97957 3352.47 0
 0    1140     1.7   0.0177144  0.0177144  1.0802  3.1956  0.557721  2.21643  5.196  2.97957 3352.47 170
 0    1140     1.7   0.0177144  0.0177144  1.0802  3.1956  0.557721  2.21643  5.196  2.97957 3352.47 0
 0    1163     1.8   0.0177144  0.0177144  1.0802  3.1956  0.557721  2.21643  5.196  2.97957 3352.47 22
 0    1163     1.8   0.0177144  0.0177144  1.0802  3.1956  0.557721  2.21643  5.196  2.97957 3352.47 0
 0    1437     2.2   0.0177144  0.0177144  1.0802  3.1956  0.557721  2.21643  5.196  2.97957 3352.47 273
 0    1437     2.2   0.0177144  0.0177144  1.0802  3.1956  0.557721  2.21643  5.196  2.97957 3352.47 0
 0    1456     2.2   0.0177144  0.0177144  1.0802  3.1956  0.557721  2.21643  5.196  2.97957 3352.47 18
 0    1456     2.2   0.0177144  0.0177144  1.0802  3.1956  0.557721  2.21643  5.196  2.97957 3352.47 0
 0    1498     2.3   0.0177144  0.0177144  1.0802  3.1956  0.557721  2.21643  5.196  2.97957 3352.47 41
 0    1498     2.3   0.0177144  0.0177144  1.0802  3.1956  0.557721  2.21643  5.196  2.97957 3352.47 0
 0    1529     2.3   0.0177144  0.0177144  1.0802  3.1956  0.557721  2.21643  5.196  2.97957 3352.47 30
 0    1529     2.3   0.0177144  0.0177144  1.0802  3.1956  0.557721  2.21643  5.196  2.97957 3352.47 0
 0    1612     2.4   0.0177144  0.0177144  1.0802  3.1956  0.557721  2.21643  5.196  2.97957 3352.47 82
 0    1612     2.4   0.017786  0.017786  1.0895  3.19319  0.504282  2.35857  5.20793  2.84936 3339.2 0
 0    1643     2.5   0.017786  0.017786  1.0895  3.19319  0.504282  2.35857  5.20793  2.84936 3339.2 30
 0    1643     2.5   0.017786  0.017786  1.0895  3.19319  0.504282  2.35857  5.20793  2.84936 3339.2 0
 0    1657     2.5   0.017786  0.017786  1.0895  3.19319  0.504282  2.35857  5.20793  2.84936 3339.2 13
 0    1657     2.5   0.017786  0.017786  1.0895  3.19319  0.504282  2.35857  5.20793  2.84936 3339.2 0
 0    1667     2.5   0.017786  0.017786  1.0895  3.19319  0.504282  2.35857  5.20793  2.84936 3339.2 9
 0    1667     2.5   0.017786  0.017786  1.0895  3.19319  0.504282  2.35857  5.20793  2.84936 3339.2 0
 0    1833     2.8   0.017786  0.017786  1.0895  3.19319  0.504282  2.35857  5.20793  2.84936 3339.2 165
 0    1833     2.8   0.017786  0.017786  1.0895  3.19319  0.504282  2.35857  5.20793  2.84936 3339.2 0
 1    2020     3.0   0.017786  0.017786  1.0895  3.19319  0.504282  2.35857  5.20793  2.84936 3339.2 186
 1    2020     3.0   0.017786  0.017786  1.0895  3.19319  0.504282  2.35857  5.20793  2.84936 3339.2 0
 1    2060     3.1   0.017786  0.017786  1.0895  3.19319  0.504282  2.35857  5.20793  2.84936 3339.2 39
 1    2060     3.1   0.017786  0.017786  1.0895  3.19319  0.504282  2.35857  5.20793  2.84936 3339.2 0
 1    2159     3.2   0.017786  0.017786  1.0895  3.19319  0.504282  2.35857  5.20793  2.84936 3339.2 98
 1    2159     3.2   0.017786  0.017786  1.0895  3.19319  0.504282  2.35857  5.20793  2.84936 3339.2 0
 1    2172     3.3   0.017786  0.017786  1.0895  3.19319  0.504282  2.35857  5.20793  2.84936 3339.2 12
 1    2172     3.3   0.017786  0.017786  1.0895  3.19319  0.504282  2.35857  5.20793  2.84936 3339.2 0
 1    2540     3.8   0.017786  0.017786  1.0895  3.19319  0.504282  2.35857  5.20793  2.84936 3339.2 367
 1    2540     3.8   0.017786  0.017786  1.0895  3.19319  0.504282  2.35857  5.20793  2.84936 3339.2 0
 1    2757     4.2   0.017786  0.017786  1.0895  3.19319  0.504282  2.35857  5.20793  2.84936 3339.2 216
 1    2757     4.2   0.017786  0.017786  1.0895  3.19319  0.504282  2.35857  5.20793  2.84936 3339.2 0
 1    2862     4.3   0.017786  0.017786  1.0895  3.19319  0.504282  2.35857  5.20793  2.84936 3339.2 104
 1    2862     4.3   0.017786  0.017786  1.0895  3.19319  0.504282  2.35857  5.20793  2.84936 3339.2 0
 1    2868     4.3   0.017786  0.017786  1.0895  3.19319  0.504282  2.35857  5.20793  2.84936 3339.2 5
 1    2868     4.3   0.0178046  0.0178046  1.0730  3.19198  0.48507  2.32338  5.16074  2.83736 3365.29 0
 1    2888     4.3   0.0178046  0.0178046  1.0730  3.19198  0.48507  2.32338  5.16074  2.83736 3365.29 19
 1    2888     4.3   0.0178046  0.0178046  1.0730  3.19198  0.48507  2.32338  5.16074  2.83736 3365.29 0
 1    3159     4.8   0.0178046  0.0178046  1.0730  3.19198  0.48507  2.32338  5.16074  2.83736 3365.29 270
 1    3159     4.8   0.0178046  0.0178046  1.0730  3.19198  0.48507  2.32338  5.16074  2.83736 3365.29 0
 1    3280     4.9   0.0178046  0.0178046  1.0730  3.19198  0.48507  2.32338  5.16074  2.83736 3365.29 120
 1    3280     4.9   0.0178046  0.0178046  1.0730  3.19198  0.48507  2.32338  5.16074  2.83736 3365.29 0
 1    3308     5.0   0.0178046  0.0178046  1.0730  3.19198  0.48507  2.32338  5.16074  2.83736 3365.29 27
 1    3308     5.0   0.0178046  0.0178046  1.0730  3.19198  0.48507  2.32338  5.16074  2.83736 3365.29 0
 1    3352     5.1   0.0178046  0.0178046  1.0730  3.19198  0.48507  2.32338  5.16074  2.83736 3365.29 43
 1    3352     5.1   0.0178046  0.0178046  1.0730  3.19198  0.48507  2.32338  5.16074  2.83736 3365.29 0
 1    3381     5.1   0.0178046  0.0178046  1.0730  3.19198  0.48507  2.32338  5.16074  2.83736 3365.29 28
 1    3381     5.1   0.0178046  0.0178046  1.0730  3.19198  0.48507  2.32338  5.16074  2.83736 3365.29 0
 1    3720     5.6   0.0178046  0.0178046  1.0730  3.19198  0.48507  2.32338  5.16074  2.83736 3365.29 338
 1    3720     5.6   0.0178046  0.0178046  1.0730  3.19198  0.48507  2.32338  5.16074  2.83736 3365.29 0
 1    3904     5.9   0.0178046  0.0178046  1.0730  3.19198  0.48507  2.32338  5.16074  2.83736 3365.29 183
 1    3904     5.9   0.0178046  0.0178046  1.0730  3.19198  0.48507  2.32338  5.16074  2.83736 3365.29 0
 1    4064     6.1   0.0178046  0.0178046  1.0730  3.19198  0.48507  2.32338  5.16074  2.83736 3365.29 159
 1    4064     6.1   0.0178046  0.0178046  1.0730  3.19198  0.48507  2.32338  5.16074  2.83736 3365.29 0
 1    4407     6.6   0.0178046  0.0178046  1.0730  3.19198  0.48507  2.32338  5.16074  2.83736 3365.29 342
 1    4407     6.6   0.0178046  0.0178046  1.0730  3.19198  0.48507  2.32338  5.16074  2.83736 3365.29 0
 1    5358     8.1   0.0178046  0.0178046  1.0730  3.19198  0.48507  2.32338  5.16074  2.83736 3365.29 950
 1    5358     8.1   0.0178329  0.0178329  1.0730  3.19551  0.474851  2.36601  4.89449  2.52848 3354.86 0
 1    5555     8.4   0.0178329  0.0178329  1.0730  3.19551  0.474851  2.36601  4.89449  2.52848 3354.86 196
 1    5555     8.4   0.0178329  0.0178329  1.0730  3.19551  0.474851  2.36601  4.89449  2.52848 3354.86 0
 1    5748     8.6   0.0178329  0.0178329  1.0730  3.19551  0.474851  2.36601  4.89449  2.52848 3354.86 192
 1    5748     8.6   0.0178329  0.0178329  1.0730  3.19551  0.474851  2.36601  4.89449  2.52848 3354.86 0
 2    6221     9.4   0.0178329  0.0178329  1.0730  3.19551  0.474851  2.36601  4.89449  2.52848 3354.86 472
 2    6221     9.4   0.0178329  0.0178329  1.0730  3.19551  0.474851  2.36601  4.89449  2.52848 3354.86 0
 2    6855    10.3   0.0178329  0.0178329  1.0730  3.19551  0.474851  2.36601  4.89449  2.52848 3354.86 633
 2    6855    10.3   0.0178329  0.0178329  1.0730  3.19551  0.474851  2.36601  4.89449  2.52848 3354.86 0
 2    8358    12.5   0.0178329  0.0178329  1.0730  3.19551  0.474851  2.36601  4.89449  2.52848 3354.86 1502
 2    8358    12.5   0.0178329  0.0178329  1.0730  3.19551  0.474851  2.36601  4.89449  2.52848 3354.86 0
 2    8541    12.8   0.0178329  0.0178329  1.0730  3.19551  0.474851  2.36601  4.89449  2.52848 3354.86 182
 2    8541    12.8   0.0178329  0.0178329  1.0730  3.19551  0.474851  2.36601  4.89449  2.52848 3354.86 0
 2    8542    12.8   0.0178329  0.0178329  1.0730  3.19551  0.474851  2.36601  4.89449  2.52848 3354.86 0
 2    8542    12.8   0.0178329  0.0178329  1.0730  3.19551  0.474851  2.36601  4.89449  2.52848 3354.86 0
 2    8717    13.1   0.0178329  0.0178329  1.0730  3.19551  0.474851  2.36601  4.89449  2.52848 3354.86 174
 2    8717    13.1   0.0178329  0.0178329  1.0730  3.19551  0.474851  2.36601  4.89449  2.52848 3354.86 0
 2    9023    13.5   0.0178329  0.0178329  1.0730  3.19551  0.474851  2.36601  4.89449  2.52848 3354.86 305
 2    9023    13.5   0.0178329  0.0178329  1.0730  3.19551  0.474851  2.36601  4.89449  2.52848 3354.86 0
 3   10333    15.5   0.0178329  0.0178329  1.0730  3.19551  0.474851  2.36601  4.89449  2.52848 3354.86 1309
 3   10333    15.5   0.0178329  0.0178329  1.0730  3.19551  0.474851  2.36601  4.89449  2.52848 3354.86 0
 3   10424    15.6   0.0178329  0.0178329  1.0730  3.19551  0.474851  2.36601  4.89449  2.52848 3354.86 90
 3   10424    15.6   0.017883  0.017883  1.0565  3.2141  0.515468  2.48272  4.98024  2.49751 3351.12 0
 3   10852    16.3   0.017883  0.017883  1.0565  3.2141  0.515468  2.48272  4.98024  2.49751 3351.12 427
 3   10852    16.3   0.017883  0.017883  1.0565  3.2141  0.515468  2.48272  4.98024  2.49751 3351.12 0
 3   11807    17.8   0.017883  0.017883  1.0565  3.2141  0.515468  2.48272  4.98024  2.49751 3351.12 954
 3   11807    17.8   0.017883  0.017883  1.0565  3.2141  0.515468  2.48272  4.98024  2.49751 3351.12 0
 3   12476    18.8   0.017883  0.017883  1.0565  3.2141  0.515468  2.48272  4.98024  2.49751 3351.12 668
 3   12476    18.8   0.017883  0.017883  1.0565  3.2141  0.515468  2.48272  4.98024  2.49751 3351.12 0
 3   13191    19.9   0.017883  0.017883  1.0565  3.2141  0.515468  2.48272  4.98024  2.49751 3351.12 714
 3   13191    19.9   0.017883  0.017883  1.0565  3.2141  0.515468  2.48272  4.98024  2.49751 3351.12 0
 3   13332    20.1   0.017883  0.017883  1.0565  3.2141  0.515468  2.48272  4.98024  2.49751 3351.12 140
 3   13332    20.1   0.017883  0.017883  1.0565  3.2141  0.515468  2.48272  4.98024  2.49751 3351.12 0
 3   13739    20.7   0.017883  0.017883  1.0565  3.2141  0.515468  2.48272  4.98024  2.49751 3351.12 406
 3   13739    20.7   0.017883  0.017883  1.0565  3.2141  0.515468  2.48272  4.98024  2.49751 3351.12 0
 4   14054    21.2   0.017883  0.017883  1.0565  3.2141  0.515468  2.48272  4.98024  2.49751 3351.12 314
 4   14054    21.2   0.017883  0.017883  1.0565  3.2141  0.515468  2.48272  4.98024  2.49751 3351.12 0
 4   14756    22.2   0.017883  0.017883  1.0565  3.2141  0.515468  2.48272  4.98024  2.49751 3351.12 701
 4   14756    22.2   0.017883  0.017883  1.0565  3.2141  0.515468  2.48272  4.98024  2.49751 3351.12 0
 4   16708    25.2   0.017883  0.017883  1.0565  3.2141  0.515468  2.48272  4.98024  2.49751 3351.12 1951
 4   16708    25.2   0.017883  0.017883  1.0565  3.2141  0.515468  2.48272  4.98024  2.49751 3351.12 0
 4   17369    26.2   0.017883  0.017883  1.0565  3.2141  0.515468  2.48272  4.98024  2.49751 3351.12 660
 4   17369    26.2   0.017883  0.017883  1.0565  3.2141  0.515468  2.48272  4.98024  2.49751 3351.12 0
 5   19046    28.8   0.017883  0.017883  1.0565  3.2141  0.515468  2.48272  4.98024  2.49751 3351.12 1676
 5   19046    28.8   0.017883  0.017883  1.0565  3.2141  0.515468  2.48272  4.98024  2.49751 3351.12 0
 5   19174    28.9   0.017883  0.017883  1.0565  3.2141  0.515468  2.48272  4.98024  2.49751 3351.12 127
 5   19174    28.9   0.017883  0.017883  1.0565  3.2141  0.515468  2.48272  4.98024  2.49751 3351.12 0
 5   21188    32.0   0.017883  0.017883  1.0565  3.2141  0.515468  2.48272  4.98024  2.49751 3351.12 2013
 5   21188    32.0   0.017883  0.017883  1.0565  3.2141  0.515468  2.48272  4.98024  2.49751 3351.12 0
 7   27945    42.3   0.017883  0.017883  1.0565  3.2141  0.515468  2.48272  4.98024  2.49751 3351.12 6756
 7   27945    42.3   0.0179136  0.0179136  1.0895  3.22892  0.560269  2.35909  5.17403  2.81494 3334.45 0
 8   30453    46.1   0.0179136  0.0179136  1.0895  3.22892  0.560269  2.35909  5.17403  2.81494 3334.45 2507
 8   30453    46.1   0.0179136  0.0179136  1.0895  3.22892  0.560269  2.35909  5.17403  2.81494 3334.45 0
 8   31347    47.5   0.0179136  0.0179136  1.0895  3.22892  0.560269  2.35909  5.17403  2.81494 3334.45 893
 8   31347    47.5   0.0179136  0.0179136  1.0895  3.22892  0.560269  2.35909  5.17403  2.81494 3334.45 0
 8   31956    48.4   0.0179136  0.0179136  1.0895  3.22892  0.560269  2.35909  5.17403  2.81494 3334.45 608
 8   31956    48.4   0.017935  0.017935  1.0760  3.21603  0.499053  2.5598  4.95303  2.39324 3384.26 0
 8   32607    49.4   0.017935  0.017935  1.0760  3.21603  0.499053  2.5598  4.95303  2.39324 3384.26 650
 8   32607    49.4   0.017935  0.017935  1.0760  3.21603  0.499053  2.5598  4.95303  2.39324 3384.26 0
 9   33765    51.2   0.017935  0.017935  1.0760  3.21603  0.499053  2.5598  4.95303  2.39324 3384.26 1157
 9   33765    51.2   0.0180285  0.0180285  1.0874  3.24112  0.547403  2.40061  5.87328  3.47267 3374.15 0
 9   35223    53.4   0.0180285  0.0180285  1.0874  3.24112  0.547403  2.40061  5.87328  3.47267 3374.15 1457
 9   35223    53.4   0.0180285  0.0180285  1.0874  3.24112  0.547403  2.40061  5.87328  3.47267 3374.15 0
 9   36869    55.8   0.0180285  0.0180285  1.0874  3.24112  0.547403  2.40061  5.87328  3.47267 3374.15 1645
 9   36869    55.8   0.0180285  0.0180285  1.0874  3.24112  0.547403  2.40061  5.87328  3.47267 3374.15 0
 9   37332    56.5   0.0180285  0.0180285  1.0874  3.24112  0.547403  2.40061  5.87328  3.47267 3374.15 462
 9   37332    56.5   0.0180285  0.0180285  1.0874  3.24112  0.547403  2.40061  5.87328  3.47267 3374.15 0
 9   37578    56.9   0.0180285  0.0180285  1.0874  3.24112  0.547403  2.40061  5.87328  3.47267 3374.15 245
 9   37578    56.9   0.0180285  0.0180285  1.0874  3.24112  0.547403  2.40061  5.87328  3.47267 3374.15 0
10   39643    60.0   0.0180285  0.0180285  1.0874  3.24112  0.547403  2.40061  5.87328  3.47267 3374.15 2065
10   40190    60.9   0.0180285  0.0180285  1.0874  3.24112  0.547403  2.40061  5.87328  3.47267 3374.15 2611
10   40190    60.9   0.0180285  0.0180285  1.0874  3.24112  0.547403  2.40061  5.87328  3.47267 3374.15 0
11   44707    67.7   0.0180285  0.0180285  1.0874  3.24112  0.547403  2.40061  5.87328  3.47267 3374.15 4516
11   44707    67.7   0.0180285  0.0180285  1.0874  3.24112  0.547403  2.40061  5.87328  3.47267 3374.15 0
12   47843    72.4   0.0180285  0.0180285  1.0874  3.24112  0.547403  2.40061  5.87328  3.47267 3374.15 3135
12   47843    72.4   0.0180285  0.0180285  1.0874  3.24112  0.547403  2.40061  5.87328  3.47267 3374.15 0
13   50576    76.5   0.0180285  0.0180285  1.0874  3.24112  0.547403  2.40061  5.87328  3.47267 3374.15 2732
13   50576    76.5   0.0180285  0.0180285  1.0874  3.24112  0.547403  2.40061  5.87328  3.47267 3374.15 0
13   53152    80.3   0.0180285  0.0180285  1.0874  3.24112  0.547403  2.40061  5.87328  3.47267 3374.15 2575
13   53152    80.3   0.0180285  0.0180285  1.0874  3.24112  0.547403  2.40061  5.87328  3.47267 3374.15 0
14   54839    82.9   0.0180285  0.0180285  1.0874  3.24112  0.547403  2.40061  5.87328  3.47267 3374.15 1686
14   54839    82.9   0.0180285  0.0180285  1.0874  3.24112  0.547403  2.40061  5.87328  3.47267 3374.15 0
14   57240    86.5   0.0180285  0.0180285  1.0874  3.24112  0.547403  2.40061  5.87328  3.47267 3374.15 2400
14   57240    86.5   0.0180285  0.0180285  1.0874  3.24112  0.547403  2.40061  5.87328  3.47267 3374.15 0
15   57962    87.6   0.0180285  0.0180285  1.0874  3.24112  0.547403  2.40061  5.87328  3.47267 3374.15 721
15   57962    87.6   0.0180285  0.0180285  1.0874  3.24112  0.547403  2.40061  5.87328  3.47267 3374.15 0
16   63645    96.3   0.0180285  0.0180285  1.0874  3.24112  0.547403  2.40061  5.87328  3.47267 3374.15 5682
16   63645    96.3   0.0180285  0.0180285  1.0874  3.24112  0.547403  2.40061  5.87328  3.47267 3374.15 0
16   64034    96.9   0.0180285  0.0180285  1.0874  3.24112  0.547403  2.40061  5.87328  3.47267 3374.15 388
16   64034    96.9   0.0180285  0.0180285  1.0874  3.24112  0.547403  2.40061  5.87328  3.47267 3374.15 0
19   73333   111.1   0.0180285  0.0180285  1.0874  3.24112  0.547403  2.40061  5.87328  3.47267 3374.15 9298
19   73333   111.1   0.0180285  0.0180285  1.0874  3.24112  0.547403  2.40061  5.87328  3.47267 3374.15 0
19   74962   113.6   0.0180285  0.0180285  1.0874  3.24112  0.547403  2.40061  5.87328  3.47267 3374.15 1628
19   74962   113.6   0.0180285  0.0180285  1.0874  3.24112  0.547403  2.40061  5.87328  3.47267 3374.15 0
19   74984   113.7   0.0180285  0.0180285  1.0874  3.24112  0.547403  2.40061  5.87328  3.47267 3374.15 21
19   74984   113.7   0.0180285  0.0180285  1.0874  3.24112  0.547403  2.40061  5.87328  3.47267 3374.15 0
20   78124   118.5   0.0180285  0.0180285  1.0874  3.24112  0.547403  2.40061  5.87328  3.47267 3374.15 3139
20   78124   118.5   0.0180285  0.0180285  1.0874  3.24112  0.547403  2.40061  5.87328  3.47267 3374.15 0
20   78630   119.2   0.0180285  0.0180285  1.0874  3.24112  0.547403  2.40061  5.87328  3.47267 3374.15 505
20   78630   119.2   0.0180285  0.0180285  1.0874  3.24112  0.547403  2.40061  5.87328  3.47267 3374.15 0
20   79146   120.0   0.0180285  0.0180285  1.0874  3.24112  0.547403  2.40061  5.87328  3.47267 3374.15 516
23   90193   136.9   0.0180285  0.0180285  1.0874  3.24112  0.547403  2.40061  5.87328  3.47267 3374.15 11562
23   90193   136.9   0.0180285  0.0180285  1.0874  3.24112  0.547403  2.40061  5.87328  3.47267 3374.15 0
23   92006   139.7   0.0180285  0.0180285  1.0874  3.24112  0.547403  2.40061  5.87328  3.47267 3374.15 1812
23   92006   139.7   0.0180285  0.0180285  1.0874  3.24112  0.547403  2.40061  5.87328  3.47267 3374.15 0
24   94468   143.4   0.0180285  0.0180285  1.0874  3.24112  0.547403  2.40061  5.87328  3.47267 3374.15 2461
24   94468   143.4   0.0180285  0.0180285  1.0874  3.24112  0.547403  2.40061  5.87328  3.47267 3374.15 0
24   96523   146.5   0.0180285  0.0180285  1.0874  3.24112  0.547403  2.40061  5.87328  3.47267 3374.15 2054
24   96523   146.5   0.0180285  0.0180285  1.0874  3.24112  0.547403  2.40061  5.87328  3.47267 3374.15 0
25   99310   150.7   0.0180285  0.0180285  1.0874  3.24112  0.547403  2.40061  5.87328  3.47267 3374.15 2786
25   99310   150.7   0.0180285  0.0180285  1.0874  3.24112  0.547403  2.40061  5.87328  3.47267 3374.15 0
28  110932   168.3   0.0180285  0.0180285  1.0874  3.24112  0.547403  2.40061  5.87328  3.47267 3374.15 11621
28  110932   168.3   0.0180285  0.0180285  1.0874  3.24112  0.547403  2.40061  5.87328  3.47267 3374.15 0
30  117399   180.1   0.0180285  0.0180285  1.0874  3.24112  0.547403  2.40061  5.87328  3.47267 3374.15 6467
38  149645   229.2   0.0180285  0.0180285  1.0874  3.24112  0.547403  2.40061  5.87328  3.47267 3374.15 38712
38  149645   229.2   0.0180285  0.0180285  1.0874  3.24112  0.547403  2.40061  5.87328  3.47267 3374.15 0
40  156727   240.1   0.0180285  0.0180285  1.0874  3.24112  0.547403  2.40061  5.87328  3.47267 3374.15 7082
43  170050   260.6   0.0180285  0.0180285  1.0874  3.24112  0.547403  2.40061  5.87328  3.47267 3374.15 20404
43  170050   260.6   0.0180285  0.0180285  1.0874  3.24112  0.547403  2.40061  5.87328  3.47267 3374.15 0
47  182755   280.1   0.0180285  0.0180285  1.0874  3.24112  0.547403  2.40061  5.87328  3.47267 3374.15 12704
47  182755   280.1   0.0180285  0.0180285  1.0874  3.24112  0.547403  2.40061  5.87328  3.47267 3374.15 0
48  186606   286.1   0.0180285  0.0180285  1.0874  3.24112  0.547403  2.40061  5.87328  3.47267 3374.15 3850
48  186606   286.1   0.0181266  0.0181266  1.0648  3.23802  0.427214  2.27966  4.71805  2.43839 3359.48 0
48  188987   289.8   0.0181266  0.0181266  1.0648  3.23802  0.427214  2.27966  4.71805  2.43839 3359.48 2380
48  188987   289.8   0.0181266  0.0181266  1.0648  3.23802  0.427214  2.27966  4.71805  2.43839 3359.48 0
49  191065   293.0   0.0181266  0.0181266  1.0648  3.23802  0.427214  2.27966  4.71805  2.43839 3359.48 2077
49  191065   293.0   0.0181266  0.0181266  1.0648  3.23802  0.427214  2.27966  4.71805  2.43839 3359.48 0
49  192218   294.8   0.0181266  0.0181266  1.0648  3.23802  0.427214  2.27966  4.71805  2.43839 3359.48 1152
49  192218   294.8   0.0181266  0.0181266  1.0648  3.23802  0.427214  2.27966  4.71805  2.43839 3359.48 0
50  195646   300.1   0.0181266  0.0181266  1.0648  3.23802  0.427214  2.27966  4.71805  2.43839 3359.48 3428
51  197945   303.6   0.0181266  0.0181266  1.0648  3.23802  0.427214  2.27966  4.71805  2.43839 3359.48 5726
51  197945   303.6   0.0181266  0.0181266  1.0648  3.23802  0.427214  2.27966  4.71805  2.43839 3359.48 0
52  204175   313.2   0.0181266  0.0181266  1.0648  3.23802  0.427214  2.27966  4.71805  2.43839 3359.48 6229
52  204175   313.2   0.0181266  0.0181266  1.0648  3.23802  0.427214  2.27966  4.71805  2.43839 3359.48 0
53  208940   320.6   0.0181266  0.0181266  1.0648  3.23802  0.427214  2.27966  4.71805  2.43839 3359.48 4764
53  208940   320.6   0.0181266  0.0181266  1.0648  3.23802  0.427214  2.27966  4.71805  2.43839 3359.48 0
54  211306   324.2   0.0181266  0.0181266  1.0648  3.23802  0.427214  2.27966  4.71805  2.43839 3359.48 2365
54  211306   324.2   0.0181266  0.0181266  1.0648  3.23802  0.427214  2.27966  4.71805  2.43839 3359.48 0
57  222154   340.9   0.0181266  0.0181266  1.0648  3.23802  0.427214  2.27966  4.71805  2.43839 3359.48 10847
57  222154   340.9   0.0181266  0.0181266  1.0648  3.23802  0.427214  2.27966  4.71805  2.43839 3359.48 0
58  227608   349.2   0.0181266  0.0181266  1.0648  3.23802  0.427214  2.27966  4.71805  2.43839 3359.48 5453
58  227608   349.2   0.0181266  0.0181266  1.0648  3.23802  0.427214  2.27966  4.71805  2.43839 3359.48 0
60  234606   360.1   0.0181266  0.0181266  1.0648  3.23802  0.427214  2.27966  4.71805  2.43839 3359.48 6998
63  247713   380.2   0.0181266  0.0181266  1.0648  3.23802  0.427214  2.27966  4.71805  2.43839 3359.48 20104
63  247713   380.2   0.0181266  0.0181266  1.0648  3.23802  0.427214  2.27966  4.71805  2.43839 3359.48 0
64  248684   381.8   0.0181266  0.0181266  1.0648  3.23802  0.427214  2.27966  4.71805  2.43839 3359.48 970
64  248684   381.8   0.0181266  0.0181266  1.0648  3.23802  0.427214  2.27966  4.71805  2.43839 3359.48 0
66  257263   395.0   0.0181266  0.0181266  1.0648  3.23802  0.427214  2.27966  4.71805  2.43839 3359.48 8578
66  257263   395.0   0.0181266  0.0181266  1.0648  3.23802  0.427214  2.27966  4.71805  2.43839 3359.48 0
70  272841   419.1   0.0181266  0.0181266  1.0648  3.23802  0.427214  2.27966  4.71805  2.43839 3359.48 15577
70  272841   419.1   0.0181266  0.0181266  1.0648  3.23802  0.427214  2.27966  4.71805  2.43839 3359.48 0
70  273473   420.1   0.0181266  0.0181266  1.0648  3.23802  0.427214  2.27966  4.71805  2.43839 3359.48 632
72  282362   433.9   0.0181266  0.0181266  1.0648  3.23802  0.427214  2.27966  4.71805  2.43839 3359.48 9520
72  282362   433.9   0.0181266  0.0181266  1.0648  3.23802  0.427214  2.27966  4.71805  2.43839 3359.48 0
79  309697   476.2   0.0181266  0.0181266  1.0648  3.23802  0.427214  2.27966  4.71805  2.43839 3359.48 27334
79  309697   476.2   0.0181266  0.0181266  1.0648  3.23802  0.427214  2.27966  4.71805  2.43839 3359.48 0
80  312210   480.1   0.0181266  0.0181266  1.0648  3.23802  0.427214  2.27966  4.71805  2.43839 3359.48 2513
81  317323   488.0   0.0181266  0.0181266  1.0648  3.23802  0.427214  2.27966  4.71805  2.43839 3359.48 7625
81  317323   488.0   0.0181266  0.0181266  1.0648  3.23802  0.427214  2.27966  4.71805  2.43839 3359.48 0
81  317582   488.4   0.0181266  0.0181266  1.0648  3.23802  0.427214  2.27966  4.71805  2.43839 3359.48 258
81  317582   488.4   0.0181266  0.0181266  1.0648  3.23802  0.427214  2.27966  4.71805  2.43839 3359.48 0
82  318658   490.1   0.0181266  0.0181266  1.0648  3.23802  0.427214  2.27966  4.71805  2.43839 3359.48 1075
82  318658   490.1   0.0181266  0.0181266  1.0648  3.23802  0.427214  2.27966  4.71805  2.43839 3359.48 0
83  323671   497.9   0.0181266  0.0181266  1.0648  3.23802  0.427214  2.27966  4.71805  2.43839 3359.48 5012
83  323671   497.9   0.0181266  0.0181266  1.0648  3.23802  0.427214  2.27966  4.71805  2.43839 3359.48 0
85  330643   508.7   0.0181266  0.0181266  1.0648  3.23802  0.427214  2.27966  4.71805  2.43839 3359.48 6971
85  330643   508.7   0.0181266  0.0181266  1.0648  3.23802  0.427214  2.27966  4.71805  2.43839 3359.48 0
85  333130   512.5   0.0181266  0.0181266  1.0648  3.23802  0.427214  2.27966  4.71805  2.43839 3359.48 2486
85  333130   512.5   0.0181266  0.0181266  1.0648  3.23802  0.427214  2.27966  4.71805  2.43839 3359.48 0
88  343679   528.9   0.0181266  0.0181266  1.0648  3.23802  0.427214  2.27966  4.71805  2.43839 3359.48 10548
88  343679   528.9   0.0181266  0.0181266  1.0648  3.23802  0.427214  2.27966  4.71805  2.43839 3359.48 0
90  350925   540.1   0.0181266  0.0181266  1.0648  3.23802  0.427214  2.27966  4.71805  2.43839 3359.48 7246
91  354396   545.5   0.0181266  0.0181266  1.0648  3.23802  0.427214  2.27966  4.71805  2.43839 3359.48 10716
91  354396   545.5   0.0181266  0.0181266  1.0648  3.23802  0.427214  2.27966  4.71805  2.43839 3359.48 0
95  369813   569.2   0.0181266  0.0181266  1.0648  3.23802  0.427214  2.27966  4.71805  2.43839 3359.48 15416
95  369813   569.2   0.0181266  0.0181266  1.0648  3.23802  0.427214  2.27966  4.71805  2.43839 3359.48 0
99  385702   593.5   0.0181266  0.0181266  1.0648  3.23802  0.427214  2.27966  4.71805  2.43839 3359.48 15888
99  385702   593.5   0.0181266  0.0181266  1.0648  3.23802  0.427214  2.27966  4.71805  2.43839 3359.48 0
100  389907   600.0   0.0181266  0.0181266  1.0648  3.23802  0.427214  2.27966  4.71805  2.43839 3359.48 4205
EndUpdateLog

Done
